// Jest Snapshot v1, https://goo.gl/fbAQLP

exports[`matches snapshot 1`] = `
<div
  className="sc-bdnxRM hEBIxC"
  data-testid="add-btn"
  onClick={[Function]}
>
  Add product
</div>
`;
