// Jest Snapshot v1, https://goo.gl/fbAQLP

exports[`matches snapshot 1`] = `
<div
  className="sc-iCoGMd dYWLQi"
>
  <div
    className="sc-jrsJWt kalrgg"
  >
    <div
      className="sc-crzoAE hfmyoP close-btn"
      onClick={[Function]}
    >
      <img
        alt="filter icon"
        className="sc-dIsUp eoWJNn"
        src="filter-icon.svg"
      />
    </div>
    <div
      className="sc-fujyAs eDHmge"
      data-testid="brand-logo"
    >
      <img
        alt="brand-logo"
        className="sc-pNWdM gMSCoc"
        src="Logo.svg"
      />
    </div>
    <div
      className="sc-kEqXSa bDwqqy"
      onClick={[Function]}
    >
      <svg>
        basket.svg
      </svg>
      <p
        className="sc-iqAclL giIpgf"
      >
        â‚º 
        0
      </p>
    </div>
  </div>
  <div
    className="sc-bqGGPW gFFraJ"
  >
    <div
      className="sc-Arkif fGJwhU"
    >
      <div
        className="sc-khIgEk CvPyH menu"
      >
        <div
          className="sc-hTRkXV kyjcmo"
          onClick={[Function]}
        >
          x
        </div>
        <div
          className="sc-cxNHIi"
        >
          <p
            className="sc-iemWCZ jtakIy"
          >
            Sorting
          </p>
          <div
            className="sc-dIvrsQ iwFhlO"
          >
            <div
              className="sc-hHEiqL dHgoxS"
            >
              <div
                className="sc-giAqHp kRJUrK"
              >
                <div
                  className="sc-lmgQwP fpirhD"
                  onClick={[Function]}
                >
                  <svg>
                    selected-circle.svg
                  </svg>
                  <p
                    className="sc-iJCRrE bDJUT"
                  >
                    Price low to high
                  </p>
                </div>
                <div
                  className="sc-lmgQwP fpirhD"
                  onClick={[Function]}
                >
                  <svg>
                    unselected-circle.svg
                  </svg>
                  <p
                    className="sc-iJCRrE bDJUT"
                  >
                    Price high to low
                  </p>
                </div>
                <div
                  className="sc-lmgQwP fpirhD"
                  onClick={[Function]}
                >
                  <svg>
                    unselected-circle.svg
                  </svg>
                  <p
                    className="sc-iJCRrE bDJUT"
                  >
                    New to old
                  </p>
                </div>
                <div
                  className="sc-lmgQwP fpirhD"
                  onClick={[Function]}
                >
                  <svg>
                    unselected-circle.svg
                  </svg>
                  <p
                    className="sc-iJCRrE bDJUT"
                  >
                    Old to new
                  </p>
                </div>
              </div>
            </div>
          </div>
        </div>
        <div
          className="sc-dlMDgC hjEWxQ"
        >
          <p
            className="sc-iemWCZ jtakIy"
          >
            Brands
          </p>
          <div
            className="sc-dIvrsQ gBctAa"
            height={230}
          >
            <div
              className="sc-hHEiqL dHgoxS"
            >
              <input
                className="sc-kfYoZR iFXTJT"
                onChange={[Function]}
                placeholder="Search Brands"
                type="text"
                value=""
              />
              <div
                className="sc-iwajpm jeqwbY"
              >
                <div
                  className="sc-fKgJPI dhubWG"
                  onClick={[Function]}
                >
                  <svg>
                    selected-box.svg
                  </svg>
                  <p
                    className="sc-bCwfaz cGFLA-d"
                  >
                    ALL (
                    0
                    )
                  </p>
                </div>
              </div>
            </div>
          </div>
        </div>
        <div
          className="sc-iklJeh eZZNhe"
        >
          <p
            className="sc-iemWCZ jtakIy"
          >
            Tags
          </p>
          <div
            className="sc-dIvrsQ gBctAa"
            height={230}
          >
            <div
              className="sc-hHEiqL dHgoxS"
            >
              <input
                className="sc-kfYoZR iFXTJT"
                onChange={[Function]}
                placeholder="Search Tags"
                type="text"
                value=""
              />
              <div
                className="sc-kLojOw fQeGFO"
              >
                <div
                  className="sc-ezzafa cjpNJE"
                  onClick={[Function]}
                >
                  <svg>
                    selected-box.svg
                  </svg>
                  <p
                    className="sc-bYwzuL brwxbB"
                  >
                    ALL (
                    0
                    )
                  </p>
                </div>
              </div>
            </div>
          </div>
        </div>
      </div>
      <div
        className="sc-jJMGnK hkzeAK"
      >
        <div
          className="sc-cxNHIi"
        >
          <p
            className="sc-iemWCZ jtakIy"
          >
            Sorting
          </p>
          <div
            className="sc-dIvrsQ iwFhlO"
          >
            <div
              className="sc-hHEiqL dHgoxS"
            >
              <div
                className="sc-giAqHp kRJUrK"
              >
                <div
                  className="sc-lmgQwP fpirhD"
                  onClick={[Function]}
                >
                  <svg>
                    selected-circle.svg
                  </svg>
                  <p
                    className="sc-iJCRrE bDJUT"
                  >
                    Price low to high
                  </p>
                </div>
                <div
                  className="sc-lmgQwP fpirhD"
                  onClick={[Function]}
                >
                  <svg>
                    unselected-circle.svg
                  </svg>
                  <p
                    className="sc-iJCRrE bDJUT"
                  >
                    Price high to low
                  </p>
                </div>
                <div
                  className="sc-lmgQwP fpirhD"
                  onClick={[Function]}
                >
                  <svg>
                    unselected-circle.svg
                  </svg>
                  <p
                    className="sc-iJCRrE bDJUT"
                  >
                    New to old
                  </p>
                </div>
                <div
                  className="sc-lmgQwP fpirhD"
                  onClick={[Function]}
                >
                  <svg>
                    unselected-circle.svg
                  </svg>
                  <p
                    className="sc-iJCRrE bDJUT"
                  >
                    Old to new
                  </p>
                </div>
              </div>
            </div>
          </div>
        </div>
        <div
          className="sc-dlMDgC hjEWxQ"
        >
          <p
            className="sc-iemWCZ jtakIy"
          >
            Brands
          </p>
          <div
            className="sc-dIvrsQ gBctAa"
            height={230}
          >
            <div
              className="sc-hHEiqL dHgoxS"
            >
              <input
                className="sc-kfYoZR iFXTJT"
                onChange={[Function]}
                placeholder="Search Brands"
                type="text"
                value=""
              />
              <div
                className="sc-iwajpm jeqwbY"
              >
                <div
                  className="sc-fKgJPI dhubWG"
                  onClick={[Function]}
                >
                  <svg>
                    selected-box.svg
                  </svg>
                  <p
                    className="sc-bCwfaz cGFLA-d"
                  >
                    ALL (
                    0
                    )
                  </p>
                </div>
              </div>
            </div>
          </div>
        </div>
        <div
          className="sc-iklJeh eZZNhe"
        >
          <p
            className="sc-iemWCZ jtakIy"
          >
            Tags
          </p>
          <div
            className="sc-dIvrsQ gBctAa"
            height={230}
          >
            <div
              className="sc-hHEiqL dHgoxS"
            >
              <input
                className="sc-kfYoZR iFXTJT"
                onChange={[Function]}
                placeholder="Search Tags"
                type="text"
                value=""
              />
              <div
                className="sc-kLojOw fQeGFO"
              >
                <div
                  className="sc-ezzafa cjpNJE"
                  onClick={[Function]}
                >
                  <svg>
                    selected-box.svg
                  </svg>
                  <p
                    className="sc-bYwzuL brwxbB"
                  >
                    ALL (
                    0
                    )
                  </p>
                </div>
              </div>
            </div>
          </div>
        </div>
      </div>
      <div
        className="sc-dPaNzc iHIBaR"
      >
        <h4
          className="sc-hiKfDv fYrDsz"
        >
          Products
        </h4>
        <div
          className="sc-bBjRSN fnoqUv"
        >
          <div
            className="sc-cOifOu fMMFpb"
            onClick={[Function]}
          >
            Mug
          </div>
          <div
            className="sc-cOifOu bTLRiT"
            onClick={[Function]}
          >
            Shirt
          </div>
        </div>
        <div
          className="sc-jNnpgg giAWqf"
        />
        <div
          className="sc-gXfVKN kDxCti"
        >
          <ul
            className="pagination"
          >
            <li
              className="previous disabled"
            >
              <a
                aria-disabled="true"
                aria-label="Previous page"
                className="prev-link-class"
                onClick={[Function]}
                onKeyPress={[Function]}
                rel="prev"
                role="button"
                tabIndex="0"
              >
                <div
                  className="sc-ciSkZP gfaCBS"
                >
                  <svg>
                    prev.svg
                  </svg>
                   
                  <div>
                    Prev
                  </div>
                </div>
              </a>
            </li>
            <li
              className="next"
            >
              <a
                aria-disabled="false"
                aria-label="Next page"
                className="next-link-class"
                onClick={[Function]}
                onKeyPress={[Function]}
                rel="next"
                role="button"
                tabIndex="0"
              >
                <div
                  className="sc-cBoqAE bHmcrx"
                >
                  <div>
                    Next
                  </div>
                   
                  <svg>
                    next.svg
                  </svg>
                </div>
              </a>
            </li>
          </ul>
        </div>
      </div>
      <div
        className="sc-ksluID kypamZ"
        data-testid="basket-box"
      />
    </div>
  </div>
</div>
`;
